// Jest Snapshot v1, https://goo.gl/fbAQLP

exports[`Image Loader Image Loader should render correctly in "debug" mode 1`] = `
<View
  style={
    Object {
      "flex": 1,
      "padding": 80,
    }
  }
>
  <ActivityIndicator
    animating={true}
    color="#999999"
    hidesWhenStopped={true}
    size="small"
  />
</View>
`;

exports[`Image Loader should render correctly in "debug" mode 1`] = `
<View
  style={
    Object {
      "flex": 1,
      "padding": 80,
    }
  }
>
  <ActivityIndicator
    animating={true}
    color="#999999"
    hidesWhenStopped={true}
    size="small"
  />
</View>
`;

exports[`MyComponent should render correctly in "debug" mode 1`] = `
<ForwardRef(NavigationContainer)>
  <AlbumStackContainer />
</ForwardRef(NavigationContainer)>
`;
